[    0.000000] Linux version 4.15.0-212-generic (buildd@lcy02-amd64-083) (gcc version 7.5.0 (Ubuntu 7.5.0-3ubuntu1~18.04)) #223-Ubuntu SMP Tue May 23 13:09:22 UTC 2023 (Ubuntu 4.15.0-212.223-generic 4.15.18)
[    0.000000] Command line: BOOT_IMAGE=/boot/vmlinuz-4.15.0-212-generic root=LABEL=cloudimg-rootfs ro console=tty1 console=ttyS0
[    0.000000] KERNEL supported cpus:
[    0.000000]   Intel GenuineIntel
[    0.000000]   AMD AuthenticAMD
[    0.000000]   Centaur CentaurHauls
[    0.000000] x86/fpu: x87 FPU will use FXSAVE
[    0.000000] e820: BIOS-provided physical RAM map:
[    0.000000] BIOS-e820: [mem 0x0000000000000000-0x000000000009fbff] usable
[    0.000000] BIOS-e820: [mem 0x000000000009fc00-0x000000000009ffff] reserved
[    0.000000] BIOS-e820: [mem 0x00000000000f0000-0x00000000000fffff] reserved
[    0.000000] BIOS-e820: [mem 0x0000000000100000-0x000000003ffeffff] usable
[    0.000000] BIOS-e820: [mem 0x000000003fff0000-0x000000003fffffff] ACPI data
[    0.000000] BIOS-e820: [mem 0x00000000fec00000-0x00000000fec00fff] reserved
[    0.000000] BIOS-e820: [mem 0x00000000fee00000-0x00000000fee00fff] reserved
[    0.000000] BIOS-e820: [mem 0x00000000fffc0000-0x00000000ffffffff] reserved
[    0.000000] NX (Execute Disable) protection: active
[    0.000000] SMBIOS 2.5 present.
[    0.000000] DMI: innotek GmbH VirtualBox/VirtualBox, BIOS VirtualBox 12/01/2006
[    0.000000] Hypervisor detected: KVM
[    0.000000] e820: last_pfn = 0x3fff0 max_arch_pfn = 0x400000000
[    0.000000] MTRR: Disabled
[    0.000000] x86/PAT: MTRRs disabled, skipping PAT initialization too.
[    0.000000] CPU MTRRs all blank - virtualized system.
[    0.000000] x86/PAT: Configuration [0-7]: WB  WT  UC- UC  WB  WT  UC- UC  
[    0.000000] found SMP MP-table at [mem 0x0009fff0-0x0009ffff]
[    0.000000] Scanning 1 areas for low memory corruption
[    0.000000] RAMDISK: [mem 0x359cb000-0x36cdcfff]
[    0.000000] ACPI: Early table checksum verification disabled
[    0.000000] ACPI: RSDP 0x00000000000E0000 000024 (v02 VBOX  )
[    0.000000] ACPI: XSDT 0x000000003FFF0030 00003C (v01 VBOX   VBOXXSDT 00000001 ASL  00000061)
[    0.000000] ACPI: FACP 0x000000003FFF00F0 0000F4 (v04 VBOX   VBOXFACP 00000001 ASL  00000061)
[    0.000000] ACPI: DSDT 0x000000003FFF0610 002353 (v02 VBOX   VBOXBIOS 00000002 INTL 20100528)
[    0.000000] ACPI: FACS 0x000000003FFF0200 000040
[    0.000000] ACPI: FACS 0x000000003FFF0200 000040
[    0.000000] ACPI: APIC 0x000000003FFF0240 00005C (v02 VBOX   VBOXAPIC 00000001 ASL  00000061)
[    0.000000] ACPI: SSDT 0x000000003FFF02A0 00036C (v01 VBOX   VBOXCPUT 00000002 INTL 20100528)
[    0.000000] ACPI: Reserving FACP table memory at [mem 0x3fff00f0-0x3fff01e3]
[    0.000000] ACPI: Reserving DSDT table memory at [mem 0x3fff0610-0x3fff2962]
[    0.000000] ACPI: Reserving FACS table memory at [mem 0x3fff0200-0x3fff023f]
[    0.000000] ACPI: Reserving FACS table memory at [mem 0x3fff0200-0x3fff023f]
[    0.000000] ACPI: Reserving APIC table memory at [mem 0x3fff0240-0x3fff029b]
[    0.000000] ACPI: Reserving SSDT table memory at [mem 0x3fff02a0-0x3fff060b]
[    0.000000] No NUMA configuration found
[    0.000000] Faking a node at [mem 0x0000000000000000-0x000000003ffeffff]
[    0.000000] NODE_DATA(0) allocated [mem 0x3ffc5000-0x3ffeffff]
[    0.000000] kvm-clock: cpu 0, msr 0:3ff44001, primary cpu clock
[    0.000000] kvm-clock: Using msrs 4b564d01 and 4b564d00
[    0.000000] kvm-clock: using sched offset of 3782775659 cycles
[    0.000000] clocksource: kvm-clock: mask: 0xffffffffffffffff max_cycles: 0x1cd42e4dffb, max_idle_ns: 881590591483 ns
[    0.000000] Zone ranges:
[    0.000000]   DMA      [mem 0x0000000000001000-0x0000000000ffffff]
[    0.000000]   DMA32    [mem 0x0000000001000000-0x000000003ffeffff]
[    0.000000]   Normal   empty
[    0.000000]   Device   empty
[    0.000000] Movable zone start for each node
[    0.000000] Early memory node ranges
[    0.000000]   node   0: [mem 0x0000000000001000-0x000000000009efff]
[    0.000000]   node   0: [mem 0x0000000000100000-0x000000003ffeffff]
[    0.000000] Reserved but unavailable: 104 pages
[    0.000000] Initmem setup node 0 [mem 0x0000000000001000-0x000000003ffeffff]
[    0.000000] ACPI: PM-Timer IO Port: 0x4008
[    0.000000] IOAPIC[0]: apic_id 2, version 32, address 0xfec00000, GSI 0-23
[    0.000000] ACPI: INT_SRC_OVR (bus 0 bus_irq 0 global_irq 2 dfl dfl)
[    0.000000] ACPI: INT_SRC_OVR (bus 0 bus_irq 9 global_irq 9 low level)
[    0.000000] Using ACPI (MADT) for SMP configuration information
[    0.000000] smpboot: Allowing 2 CPUs, 0 hotplug CPUs
[    0.000000] PM: Registered nosave memory: [mem 0x00000000-0x00000fff]
[    0.000000] PM: Registered nosave memory: [mem 0x0009f000-0x0009ffff]
[    0.000000] PM: Registered nosave memory: [mem 0x000a0000-0x000effff]
[    0.000000] PM: Registered nosave memory: [mem 0x000f0000-0x000fffff]
[    0.000000] e820: [mem 0x40000000-0xfebfffff] available for PCI devices
[    0.000000] Booting paravirtualized kernel on KVM
[    0.000000] clocksource: refined-jiffies: mask: 0xffffffff max_cycles: 0xffffffff, max_idle_ns: 7645519600211568 ns
[    0.000000] setup_percpu: NR_CPUS:8192 nr_cpumask_bits:2 nr_cpu_ids:2 nr_node_ids:1
[    0.000000] percpu: Embedded 50 pages/cpu s167936 r8192 d28672 u1048576
[    0.000000] PV qspinlock hash table entries: 256 (order: 0, 4096 bytes)
[    0.000000] Built 1 zonelists, mobility grouping on.  Total pages: 257913
[    0.000000] Policy zone: DMA32
[    0.000000] Kernel command line: BOOT_IMAGE=/boot/vmlinuz-4.15.0-212-generic root=LABEL=cloudimg-rootfs ro console=tty1 console=ttyS0
[    0.000000] Memory: 982644K/1048120K available (12300K kernel code, 2477K rwdata, 4324K rodata, 2480K init, 2720K bss, 65476K reserved, 0K cma-reserved)
[    0.000000] SLUB: HWalign=64, Order=0-3, MinObjects=0, CPUs=2, Nodes=1
[    0.000000] ftrace: allocating 39508 entries in 155 pages
[    0.004000] Hierarchical RCU implementation.
[    0.004000] 	RCU restricting CPUs from NR_CPUS=8192 to nr_cpu_ids=2.
[    0.004000] 	Tasks RCU enabled.
[    0.004000] RCU: Adjusting geometry for rcu_fanout_leaf=16, nr_cpu_ids=2
[    0.004000] NR_IRQS: 524544, nr_irqs: 440, preallocated irqs: 16
[    0.004000] random: crng init done
[    0.004000] Console: colour VGA+ 80x25
[    0.004000] console [tty1] enabled
[    0.004000] console [ttyS0] enabled
[    0.004000] ACPI: Core revision 20170831
[    0.004000] ACPI: 2 ACPI AML tables successfully acquired and loaded
[    0.004000] APIC: Switch to symmetric I/O mode setup
[    0.004000] ..TIMER: vector=0x30 apic1=0 pin1=2 apic2=-1 pin2=-1
[    0.004000] tsc: Detected 2496.004 MHz processor
[    0.004000] Calibrating delay loop (skipped) preset value.. 4992.00 BogoMIPS (lpj=9984016)
[    0.004000] pid_max: default: 32768 minimum: 301
[    0.004000] Security Framework initialized
[    0.004000] Yama: becoming mindful.
[    0.004090] AppArmor: AppArmor initialized
[    0.012640] Dentry cache hash table entries: 131072 (order: 8, 1048576 bytes)
[    0.017944] Inode-cache hash table entries: 65536 (order: 7, 524288 bytes)
[    0.020142] Mount-cache hash table entries: 2048 (order: 2, 16384 bytes)
[    0.024077] Mountpoint-cache hash table entries: 2048 (order: 2, 16384 bytes)
[    0.032241] Last level iTLB entries: 4KB 64, 2MB 8, 4MB 8
[    0.036004] Last level dTLB entries: 4KB 64, 2MB 0, 4MB 0, 1GB 4
[    0.040004] Spectre V1 : Mitigation: usercopy/swapgs barriers and __user pointer sanitization
[    0.044006] Spectre V2 : Mitigation: Enhanced IBRS
[    0.048003] Spectre V2 : Spectre v2 / SpectreRSB mitigation: Filling RSB on context switch
[    0.052004] Spectre V2 : Spectre v2 / PBRSB-eIBRS: Retire a single CALL on VMEXIT
[    0.056004] RETBleed: Mitigation: Enhanced IBRS
[    0.060003] Speculative Store Bypass: Vulnerable
[    0.064046] MMIO Stale Data: Vulnerable: Clear CPU buffers attempted, no microcode
[    0.068006] SRBDS: Unknown: Dependent on hypervisor status
[    0.072156] Freeing SMP alternatives memory: 36K
[    0.189146] smpboot: CPU0: Intel(R) Core(TM) i5-10300H CPU @ 2.50GHz (family: 0x6, model: 0xa5, stepping: 0x2)
[    0.192473] Performance Events: unsupported p6 CPU model 165 no PMU driver, software events only.
[    0.196138] Hierarchical SRCU implementation.
[    0.200769] NMI watchdog: Perf event create on CPU 0 failed with -2
[    0.204003] NMI watchdog: Perf NMI watchdog permanently disabled
[    0.208328] smp: Bringing up secondary CPUs ...
[    0.212906] x86: Booting SMP configuration:
[    0.216004] .... node  #0, CPUs:      #1
[    0.004000] kvm-clock: cpu 1, msr 0:3ff44041, secondary cpu clock
[    0.228000] TSC synchronization [CPU#0 -> CPU#1]:
[    0.228000] Measured 64290 cycles TSC warp between CPUs, turning off TSC clock.
[    0.228000] tsc: Marking TSC unstable due to check_tsc_sync_source failed
[    0.232155] smp: Brought up 1 node, 2 CPUs
[    0.236004] smpboot: Max logical packages: 1
[    0.239192] smpboot: Total of 2 processors activated (9984.01 BogoMIPS)
[    0.241502] devtmpfs: initialized
[    0.244096] x86/mm: Memory block size: 128MB
[    0.248351] evm: security.selinux
[    0.250733] evm: security.SMACK64
[    0.252003] evm: security.SMACK64EXEC
[    0.256004] evm: security.SMACK64TRANSMUTE
[    0.258914] evm: security.SMACK64MMAP
[    0.260002] evm: security.apparmor
[    0.262421] evm: security.ima
[    0.264005] evm: security.capability
[    0.268349] clocksource: jiffies: mask: 0xffffffff max_cycles: 0xffffffff, max_idle_ns: 7645041785100000 ns
[    0.272098] futex hash table entries: 512 (order: 3, 32768 bytes)
[    0.276250] pinctrl core: initialized pinctrl subsystem
[    0.280465] RTC time: 14:01:48, date: 08/24/23
[    0.285030] NET: Registered protocol family 16
[    0.288119] audit: initializing netlink subsys (disabled)
[    0.292198] audit: type=2000 audit(1692885712.978:1): state=initialized audit_enabled=0 res=1
[    0.300007] cpuidle: using governor ladder
[    0.304013] cpuidle: using governor menu
[    0.308094] ACPI: bus type PCI registered
[    0.312003] acpiphp: ACPI Hot Plug PCI Controller Driver version: 0.5
[    0.316456] PCI: Using configuration type 1 for base access
[    0.324282] HugeTLB registered 2.00 MiB page size, pre-allocated 0 pages
[    0.332372] ACPI: Added _OSI(Module Device)
[    0.336010] ACPI: Added _OSI(Processor Device)
[    0.340004] ACPI: Added _OSI(3.0 _SCP Extensions)
[    0.343351] ACPI: Added _OSI(Processor Aggregator Device)
[    0.344004] ACPI: Added _OSI(Linux-Dell-Video)
[    0.348002] ACPI: Added _OSI(Linux-Lenovo-NV-HDMI-Audio)
[    0.352003] ACPI: Added _OSI(Linux-HPI-Hybrid-Graphics)
[    0.356769] ACPI: Executed 1 blocks of module-level executable AML code
[    0.367199] ACPI: Interpreter enabled
[    0.368011] ACPI: (supports S0 S5)
[    0.372003] ACPI: Using IOAPIC for interrupt routing
[    0.375775] PCI: Using host bridge windows from ACPI; if necessary, use "pci=nocrs" and report a bug
[    0.376225] ACPI: Enabled 2 GPEs in block 00 to 07
[    0.390513] ACPI: PCI Root Bridge [PCI0] (domain 0000 [bus 00-ff])
[    0.392007] acpi PNP0A03:00: _OSC: OS supports [ASPM ClockPM Segments MSI]
[    0.396674] acpi PNP0A03:00: _OSC: not requesting OS control; OS requires [ExtendedConfig ASPM ClockPM MSI]
[    0.400018] acpi PNP0A03:00: fail to add MMCONFIG information, can't access extended PCI configuration space under this bridge.
[    0.404667] PCI host bridge to bus 0000:00
[    0.408006] pci_bus 0000:00: root bus resource [io  0x0000-0x0cf7 window]
[    0.412005] pci_bus 0000:00: root bus resource [io  0x0d00-0xffff window]
[    0.416004] pci_bus 0000:00: root bus resource [mem 0x000a0000-0x000bffff window]
[    0.420003] pci_bus 0000:00: root bus resource [mem 0x40000000-0xfdffffff window]
[    0.424003] pci_bus 0000:00: root bus resource [bus 00-ff]
[    0.434987] pci 0000:00:01.1: legacy IDE quirk: reg 0x10: [io  0x01f0-0x01f7]
[    0.436003] pci 0000:00:01.1: legacy IDE quirk: reg 0x14: [io  0x03f6]
[    0.440003] pci 0000:00:01.1: legacy IDE quirk: reg 0x18: [io  0x0170-0x0177]
[    0.444003] pci 0000:00:01.1: legacy IDE quirk: reg 0x1c: [io  0x0376]
[    0.467485] pci 0000:00:07.0: quirk: [io  0x4000-0x403f] claimed by PIIX4 ACPI
[    0.468039] pci 0000:00:07.0: quirk: [io  0x4100-0x410f] claimed by PIIX4 SMB
[    0.490213] ACPI: PCI Interrupt Link [LNKA] (IRQs 5 9 10 *11)
[    0.496645] ACPI: PCI Interrupt Link [LNKB] (IRQs 5 9 *10 11)
[    0.500267] ACPI: PCI Interrupt Link [LNKC] (IRQs 5 *9 10 11)
[    0.504271] ACPI: PCI Interrupt Link [LNKD] (IRQs 5 9 10 *11)
[    0.512258] SCSI subsystem initialized
[    0.516210] pci 0000:00:02.0: vgaarb: setting as boot VGA device
[    0.520000] pci 0000:00:02.0: vgaarb: VGA device added: decodes=io+mem,owns=io+mem,locks=none
[    0.520011] pci 0000:00:02.0: vgaarb: bridge control possible
[    0.524006] vgaarb: loaded
[    0.528122] ACPI: bus type USB registered
[    0.532038] usbcore: registered new interface driver usbfs
[    0.536071] usbcore: registered new interface driver hub
[    0.540024] usbcore: registered new device driver usb
[    0.548105] EDAC MC: Ver: 3.0.0
[    0.552394] PCI: Using ACPI for IRQ routing
[    0.556708] NetLabel: Initializing
[    0.560004] NetLabel:  domain hash size = 128
[    0.564002] NetLabel:  protocols = UNLABELED CIPSOv4 CALIPSO
[    0.568022] NetLabel:  unlabeled traffic allowed by default
[    0.572309] clocksource: Switched to clocksource kvm-clock
[    0.580195] VFS: Disk quotas dquot_6.6.0
[    0.580195] VFS: Dquot-cache hash table entries: 512 (order 0, 4096 bytes)
[    0.580195] AppArmor: AppArmor Filesystem Enabled
[    0.580195] pnp: PnP ACPI init
[    0.580195] pnp: PnP ACPI: found 3 devices
[    0.665086] clocksource: acpi_pm: mask: 0xffffff max_cycles: 0xffffff, max_idle_ns: 2085701024 ns
[    0.668100] NET: Registered protocol family 2
[    0.668100] IP idents hash table entries: 16384 (order: 5, 131072 bytes)
[    0.680717] TCP established hash table entries: 8192 (order: 4, 65536 bytes)
[    0.686378] TCP bind hash table entries: 8192 (order: 5, 131072 bytes)
[    0.691699] TCP: Hash tables configured (established 8192 bind 8192)
[    0.695255] UDP hash table entries: 512 (order: 2, 16384 bytes)
[    0.695255] UDP-Lite hash table entries: 512 (order: 2, 16384 bytes)
[    0.695255] NET: Registered protocol family 1
[    0.695255] pci 0000:00:00.0: Limiting direct PCI/PCI transfers
[    0.695255] pci 0000:00:01.0: Activating ISA DMA hang workarounds
[    0.695255] pci 0000:00:02.0: Video device with shadowed ROM at [mem 0x000c0000-0x000dffff]
[    0.695255] Unpacking initramfs...
[    0.695255] Freeing initrd memory: 19528K
[    0.695255] clocksource: tsc: mask: 0xffffffffffffffff max_cycles: 0x23fa7af7c80, max_idle_ns: 440795241955 ns
[    0.695255] platform rtc_cmos: registered platform RTC device (no PNP device found)
[    0.695255] Scanning for low memory corruption every 60 seconds
[    1.146967] Initialise system trusted keyrings
[    1.152796] Key type blacklist registered
[    1.160874] workingset: timestamp_bits=36 max_order=18 bucket_order=0
[    1.168032] zbud: loaded
[    1.171343] squashfs: version 4.0 (2009/01/31) Phillip Lougher
[    1.176658] fuse init (API version 7.26)
[    1.205587] Key type asymmetric registered
[    1.209065] Asymmetric key parser 'x509' registered
[    1.212830] Block layer SCSI generic (bsg) driver version 0.4 loaded (major 246)
[    1.218720] io scheduler noop registered
[    1.221617] io scheduler deadline registered
[    1.224790] io scheduler cfq registered (default)
[    1.229037] ACPI: AC Adapter [AC] (on-line)
[    1.232193] input: Power Button as /devices/LNXSYSTM:00/LNXPWRBN:00/input/input0
[    1.237680] ACPI: Power Button [PWRF]
[    1.240649] input: Sleep Button as /devices/LNXSYSTM:00/LNXSLPBN:00/input/input1
[    1.245951] ACPI: Sleep Button [SLPF]
[    1.250779] ACPI: Battery Slot [BAT0] (battery present)
[    1.255276] Serial: 8250/16550 driver, 32 ports, IRQ sharing enabled
[    1.284982] 00:02: ttyS0 at I/O 0x3f8 (irq = 4, base_baud = 115200) is a 16550A
[    1.305478] Linux agpgart interface v0.103
[    1.316693] loop: module loaded
[    1.321588] scsi host0: ata_piix
[    1.324792] scsi host1: ata_piix
[    1.327164] ata1: PATA max UDMA/33 cmd 0x1f0 ctl 0x3f6 bmdma 0xd000 irq 14
[    1.332186] ata2: PATA max UDMA/33 cmd 0x170 ctl 0x376 bmdma 0xd008 irq 15
[    1.337533] tun: Universal TUN/TAP device driver, 1.6
[    1.341509] PPP generic driver version 2.4.2
[    1.345186] ehci_hcd: USB 2.0 'Enhanced' Host Controller (EHCI) Driver
[    1.349917] ehci-pci: EHCI PCI platform driver
[    1.353282] ehci-platform: EHCI generic platform driver
[    1.356918] ohci_hcd: USB 1.1 'Open' Host Controller (OHCI) Driver
[    1.361248] ohci-pci: OHCI PCI platform driver
[    1.364547] ohci-platform: OHCI generic platform driver
[    1.368325] uhci_hcd: USB Universal Host Controller Interface driver
[    1.373157] i8042: PNP: PS/2 Controller [PNP0303:PS2K,PNP0f03:PS2M] at 0x60,0x64 irq 1,12
[    1.381569] serio: i8042 KBD port at 0x60,0x64 irq 1
[    1.385679] serio: i8042 AUX port at 0x60,0x64 irq 12
[    1.389470] mousedev: PS/2 mouse device common for all mice
[    1.395400] rtc_cmos rtc_cmos: rtc core: registered rtc_cmos as rtc0
[    1.400663] rtc_cmos rtc_cmos: alarms up to one day, 114 bytes nvram
[    1.405349] i2c /dev entries driver
[    1.408370] input: AT Translated Set 2 keyboard as /devices/platform/i8042/serio0/input/input2
[    1.414624] device-mapper: uevent: version 1.0.3
[    1.418733] device-mapper: ioctl: 4.37.0-ioctl (2017-09-20) initialised: dm-devel@redhat.com
[    1.424959] ledtrig-cpu: registered to indicate activity on CPUs
[    1.431533] NET: Registered protocol family 10
[    1.442748] Segment Routing with IPv6
[    1.445667] NET: Registered protocol family 17
[    1.449364] Key type dns_resolver registered
[    1.453451] mce: Using 0 MCE banks
[    1.456021] RAS: Correctable Errors collector initialized.
[    1.460153] sched_clock: Marking stable (1460081896, 0)->(2161551294, -701469398)
[    1.468439] registered taskstats version 1
[    1.471389] Loading compiled-in X.509 certificates
[    1.479247] Loaded X.509 cert 'Build time autogenerated kernel key: b5b26778eaa3ab3a4a6cee031137706e947d12ad'
[    1.486970] Loaded X.509 cert 'Canonical Ltd. Live Patch Signing: 14df34d1a87cf37625abec039ef2bf521249b969'
[    1.506980] Loaded X.509 cert 'Canonical Ltd. Kernel Module Signing: 88f752e560a1e0737e31163a466ad7b70a850c19'
[    1.533677] blacklist: Loading compiled-in revocation X.509 certificates
[    1.550352] Loaded X.509 cert 'Canonical Ltd. Secure Boot Signing: 61482aa2830d0ab2ad5af10b7250da9033ddcef0'
[    1.567286] Loaded X.509 cert 'Canonical Ltd. Secure Boot Signing (2017): 242ade75ac4a15e50d50c84b0d45ff3eae707a03'
[    1.582453] Loaded X.509 cert 'Canonical Ltd. Secure Boot Signing (ESM 2018): 365188c1d374d6b07c3c8f240f8ef722433d6a8b'
[    1.593647] Loaded X.509 cert 'Canonical Ltd. Secure Boot Signing (2019): c0746fd6c5da3ae827864651ad66ae47fe24b3e8'
[    1.602396] Loaded X.509 cert 'Canonical Ltd. Secure Boot Signing (2021 v1): a8d54bbb3825cfb94fa13c9f8a594a195c107b8d'
[    1.610959] Loaded X.509 cert 'Canonical Ltd. Secure Boot Signing (2021 v2): 4cf046892d6fd3c9a5b03f98d845f90851dc6a8c'
[    1.620426] Loaded X.509 cert 'Canonical Ltd. Secure Boot Signing (2021 v3): 100437bb6de6e469b581e61cd66bce3ef4ed53af'
[    1.631277] Loaded X.509 cert 'Canonical Ltd. Secure Boot Signing (Ubuntu Core 2019): c1d57b8f6b743f23ee41f4f7ee292f06eecadfb9'
[    1.639764] zswap: loaded using pool lzo/zbud
[    1.652378] Key type big_key registered
[    1.655508] Key type trusted registered
[    1.662155] Key type encrypted registered
[    1.665743] AppArmor: AppArmor sha1 policy hashing enabled
[    1.670021] ima: No TPM chip found, activating TPM-bypass! (rc=-19)
[    1.674606] ima: Allocated hash algorithm: sha1
[    1.678955] evm: HMAC attrs: 0x1
[    1.682439]   Magic number: 3:263:31
[    1.686056] rtc_cmos rtc_cmos: setting system clock to 2023-08-24 14:01:50 UTC (1692885710)
[    1.692654] BIOS EDD facility v0.16 2004-Jun-25, 0 devices found
[    1.697158] EDD information not available.
[    1.703367] Freeing unused kernel image memory: 2480K
[    2.359000] Write protecting the kernel read-only data: 20480k
[    2.364436] Freeing unused kernel image memory: 2008K
[    2.368277] Freeing unused kernel image memory: 1820K
[    2.378522] x86/mm: Checked W+X mappings: passed, no W+X pages found.
Loading, please wait...
starting version 237
[    2.447953] Fusion MPT base driver 3.04.20
[    2.452092] Copyright (c) 1999-2008 LSI Corporation
[    2.457419] e1000: Intel(R) PRO/1000 Network Driver - version 7.3.21-k8-NAPI
[    2.463654] e1000: Copyright (c) 1999-2006 Intel Corporation.
[    2.472637] Fusion MPT SPI Host driver 3.04.20
[    2.491358] mptbase: ioc0: Initiating bringup
[    2.515196] SSE version of gcm_enc/dec engaged.
[    2.618294] ioc0: LSI53C1030 A0: Capabilities={Initiator}
[    2.707596] input: ImExPS/2 Generic Explorer Mouse as /devices/platform/i8042/serio1/input/input4
[    2.922490] scsi host2: ioc0: LSI53C1030 A0, FwRev=00000000h, Ports=1, MaxQ=256, IRQ=20
[    3.097620] scsi 2:0:0:0: Direct-Access     VBOX     HARDDISK         1.0  PQ: 0 ANSI: 5
[    3.132313] scsi target2:0:0: Beginning Domain Validation
[    3.189010] scsi target2:0:0: Domain Validation skipping write tests
[    3.194041] scsi target2:0:0: Ending Domain Validation
[    3.206073] scsi target2:0:0: asynchronous
[    3.211908] scsi 2:0:1:0: Direct-Access     VBOX     HARDDISK         1.0  PQ: 0 ANSI: 5
[    3.568389] scsi target2:0:1: Beginning Domain Validation
[    3.580091] scsi target2:0:1: Domain Validation skipping write tests
[    3.585359] scsi target2:0:1: Ending Domain Validation
[    3.589933] scsi target2:0:1: asynchronous
[    3.604929] sd 2:0:0:0: Attached scsi generic sg0 type 0
[    3.609662] sd 2:0:1:0: Attached scsi generic sg1 type 0
[    3.614252] sd 2:0:0:0: [sda] 83886080 512-byte logical blocks: (42.9 GB/40.0 GiB)
[    3.620393] sd 2:0:0:0: [sda] Write Protect is off
[    3.625451] sd 2:0:1:0: [sdb] 20480 512-byte logical blocks: (10.5 MB/10.0 MiB)
[    3.631739] sd 2:0:1:0: [sdb] Write Protect is off
[    3.635594] sd 2:0:0:0: [sda] Incomplete mode parameter data
[    3.640274] sd 2:0:0:0: [sda] Assuming drive cache: write through
[    3.646828] sd 2:0:1:0: [sdb] Incomplete mode parameter data
[    3.651169] sd 2:0:1:0: [sdb] Assuming drive cache: write through
[    3.660952]  sda: sda1
[    3.676481] sd 2:0:0:0: [sda] Attached SCSI disk
[    3.681263] sd 2:0:1:0: [sdb] Attached SCSI disk
[    3.762472] e1000 0000:00:03.0 eth0: (PCI:33MHz:32-bit) 02:3b:7b:b7:3b:2d
[    3.768687] e1000 0000:00:03.0 eth0: Intel(R) PRO/1000 Network Connection
[    4.357405] e1000 0000:00:08.0 eth1: (PCI:33MHz:32-bit) 08:00:27:c4:d2:9e
[    4.362137] e1000 0000:00:08.0 eth1: Intel(R) PRO/1000 Network Connection
[    4.369686] e1000 0000:00:08.0 enp0s8: renamed from eth1
[    4.396928] e1000 0000:00:03.0 enp0s3: renamed from eth0
Begin: Loading essential drivers ... [    8.555209] raid6: sse2x1   gen() 14617 MB/s
[    9.556080] raid6: sse2x1   xor() 174601 MB/s
[   11.553019] raid6: sse2x2   gen() 394662 MB/s
[   13.553219] raid6: sse2x2   xor() 242752 MB/s
[   13.621808] raid6: sse2x4   gen() 21093 MB/s
[   13.672904] raid6: sse2x4   xor()  9915 MB/s
[   13.676387] raid6: using algorithm sse2x2 gen() 394662 MB/s
[   13.680915] raid6: .... xor() 242752 MB/s, rmw enabled
[   13.685407] raid6: using ssse3x2 recovery algorithm
[   13.690668] xor: measuring software checksum speed
[   13.732369]    prefetch64-sse: 24863.000 MB/sec
[   13.772137]    generic_sse: 24184.000 MB/sec
[   13.775253] xor: using function: prefetch64-sse (24863.000 MB/sec)
[   13.781402] async_tx: api initialized (async)
done.
Begin: Running /scripts/init-premount ... done.
Begin: Mounting root file system ... Begin: Running /scripts/local-top ... done.
Begin: Running /scripts/local-premount ... [   13.837719] Btrfs loaded, crc32c=crc32c-intel
Scanning for Btrfs filesystems
done.
Warning: fsck not present, so skipping root file system
[   13.881969] EXT4-fs (sda1): mounted filesystem with ordered data mode. Opts: (null)
done.
Begin: Running /scripts/local-bottom ... done.
Begin: Running /scripts/init-bottom ... done.
[   14.090995] ip_tables: (C) 2000-2006 Netfilter Core Team
[   14.110502] systemd[1]: systemd 237 running in system mode. (+PAM +AUDIT +SELINUX +IMA +APPARMOR +SMACK +SYSVINIT +UTMP +LIBCRYPTSETUP +GCRYPT +GNUTLS +ACL +XZ +LZ4 +SECCOMP +BLKID +ELFUTILS +KMOD -IDN2 +IDN -PCRE2 default-hierarchy=hybrid)
[   14.125234] systemd[1]: Detected virtualization oracle.
[   14.129502] systemd[1]: Detected architecture x86-64.

Welcome to [1mUbuntu 18.04.6 LTS[0m!

[   14.157620] systemd[1]: Set hostname to <ubuntu>.
[   14.167707] systemd[1]: Initializing machine ID from random generator.
[   14.172420] systemd[1]: Installed transient /etc/machine-id file.
[   14.459856] systemd[1]: Reached target Mounting snaps.
[[0;32m  OK  [0m] Reached target Mounting snaps.
[   14.465775] systemd[1]: Set up automount Arbitrary Executable File Formats File System Automount Point.
[[0;32m  OK  [0m] Set up automount Arbitrary Executabâ€¦rmats File System Automount Point.
[   14.475485] systemd[1]: Reached target Swap.
[[0;32m  OK  [0m] Reached target Swap.
[   14.480010] systemd[1]: Reached target Mounted snaps.
[[0;32m  OK  [0m] Reached target Mounted snaps.
[[0;32m  OK  [0m] Reached target System Time Synchronized.
[[0;32m  OK  [0m] Reached target User and Group Name Lookups.
[[0;32m  OK  [0m] Started Forward Password Requests to Wall Directory Watch.
[[0;32m  OK  [0m] Created slice System Slice.
[[0;32m  OK  [0m] Listening on Syslog Socket.
[[0;32m  OK  [0m] Listening on fsck to fsckd communication Socket.
[[0;32m  OK  [0m] Listening on Network Service Netlink Socket.
[[0;32m  OK  [0m] Listening on LVM2 metadata daemon socket.
[[0;32m  OK  [0m] Created slice system-serial\x2dgetty.slice.
[[0;32m  OK  [0m] Listening on udev Kernel Socket.
[[0;32m  OK  [0m] Listening on Journal Socket.
         Mounting Huge Pages File System...
         Starting Create list of required stâ€¦ce nodes for the current kernel...
         Starting Set the console keyboard layout...
         Starting File System Check on Root Device...
         Mounting Kernel Debug File System...
         Starting Uncomplicated firewall...
         Mounting POSIX Message Queue File System...
         Starting Load Kernel Modules...
[[0;32m  OK  [0m] Listening on LVM2 poll daemon socket.
[[0;32m  OK  [0m] Listening on /dev/initctl Compatibility Named Pipe.
[[0;32m  OK  [0m] Listening on Device-mapper event daemon FIFOs.
         Starting Monitoring of LVM2 mirrorsâ€¦ng dmeventd or progress polling...
[[0;32m  OK  [0m] Listening on udev Control Socket.
         Starting udev Coldplug all Devices...
[[0;32m  OK  [0m] Listening on Journal Socket (/dev/log).
[[0;32m  OK  [0m] Listening on Journal Audit Socket.
         Starting Journal Service...
[[0;32m  OK  [0m] Created slice User and Session Slice.
[[0;32m  OK  [0m] Reached target Slices.
[[0;32m  OK  [0m] Mounted Huge Pages File System.
[[0;32m  OK  [0m] Started Create list of required staâ€¦vice nodes for the current kernel.
[[0;32m  OK  [0m] Mounted Kernel Debug File System.
[[0;32m  OK  [0m] Mounted POSIX Message Queue File System.
[[0;32m  OK  [0m] Started File System Check Daemon to report status.
         Starting Create Static Device Nodes in /dev...
[[0;32m  OK  [0m] Started Uncomplicated firewall.
[   14.613081] Loading iSCSI transport class v2.0-870.
[   14.624592] iscsi: registered transport (tcp)
[   14.647064] iscsi: registered transport (iser)
[[0;32m  OK  [0m] Started Load Kernel Modules.
         Starting Apply Kernel Variables...
         Mounting FUSE Control File System...
         Mounting Kernel Configuration File System...
[[0;32m  OK  [0m] Mounted FUSE Control File System.
[[0;32m  OK  [0m] Mounted Kernel Configuration File System.
[[0;32m  OK  [0m] Started LVM2 metadata daemon.
[[0;32m  OK  [0m] Started Create Static Device Nodes in /dev.
[[0;32m  OK  [0m] Started udev Coldplug all Devices.
[[0;32m  OK  [0m] Started File System Check on Root Device.
         Starting Remount Root and Kernel File Systems...
[[0;32m  OK  [0m] Started Journal Service.
[[0;32m  OK  [0m] Started Apply Kernel Variables.
[[0;32m  OK  [0m] Started Remount Root and Kernel File Systems.
         Starting Load/Save Random Seed...
         Starting udev Kernel Device Manager...
         Starting Flush Journal to Persistent Storage...
[[0;32m  OK  [0m] Started Monitoring of LVM2 mirrors,â€¦sing dmeventd or progress polling.
[[0;32m  OK  [0m] Started Load/Save Random Seed.
[[0;32m  OK  [0m] Started udev Kernel Device Manager.
[[0;32m  OK  [0m] Started Flush Journal to Persistent Storage.
[[0;32m  OK  [0m] Found device /dev/ttyS0.
[[0;32m  OK  [0m] Listening on Load/Save RF Kill Switch Status /dev/rfkill Watch.
[[0;32m  OK  [0m] Started Set the console keyboard layout.
[[0;32m  OK  [0m] Started Dispatch Password Requests to Console Directory Watch.
[[0;32m  OK  [0m] Reached target Local Encrypted Volumes.
[[0;32m  OK  [0m] Reached target Local File Systems (Pre).
[[0;32m  OK  [0m] Reached target Local File Systems.
         Starting Commit a transient machine-id on disk...
         Starting Tell Plymouth To Write Out Runtime Data...
         Starting AppArmor initialization...
         Starting ebtables ruleset management...
         Starting Set console font and keymap...
         Starting Create Volatile Files and Directories...
         Mounting Arbitrary Executable File Formats File System...
[[0;32m  OK  [0m] Started Tell Plymouth To Write Out Runtime Data.
[[0;32m  OK  [0m] Started Commit a transient machine-id on disk.
[[0;32m  OK  [0m] Started Create Volatile Files and Directories.
[[0;32m  OK  [0m] Mounted Arbitrary Executable File Formats File System.
         Starting Update UTMP about System Boot/Shutdown...
[[0;32m  OK  [0m] Started Update UTMP about System Boot/Shutdown.
[[0;32m  OK  [0m] Started ebtables ruleset management.
[[0;32m  OK  [0m] Started AppArmor initialization.
         Starting Load AppArmor profiles managed internally by snapd...
         Starting Initial cloud-init job (pre-networking)...
[[0;32m  OK  [0m] Started Load AppArmor profiles managed internally by snapd.
[[0;32m  OK  [0m] Started Set console font and keymap.
[   17.900135] cloud-init[772]: Cloud-init v. 23.1.2-0ubuntu0~18.04.1 running 'init-local' at Thu, 24 Aug 2023 14:02:06 +0000. Up 17.48 seconds.
[[0;32m  OK  [0m] Started Initial cloud-init job (pre-networking).
[[0;32m  OK  [0m] Reached target Network (Pre).
         Starting Network Service...
[[0;32m  OK  [0m] Started Network Service.
         Starting Network Name Resolution...
         Starting Wait for Network to be Configured...
[[0;32m  OK  [0m] Started Network Name Resolution.
[[0;32m  OK  [0m] Reached target Host and Network Name Lookups.
[[0;32m  OK  [0m] Reached target Network.
[[0;32m  OK  [0m] Started Wait for Network to be Configured.
         Starting Initial cloud-init job (metadata service crawler)...
[   19.731090] cloud-init[937]: Cloud-init v. 23.1.2-0ubuntu0~18.04.1 running 'init' at Thu, 24 Aug 2023 14:02:08 +0000. Up 19.62 seconds.
[   19.734150] cloud-init[937]: ci-info: ++++++++++++++++++++++++++++++++++++++Net device info+++++++++++++++++++++++++++++++++++++++
[   19.737092] cloud-init[937]: ci-info: +--------+-------+----------------------------+---------------+--------+-------------------+
[   19.740260] cloud-init[937]: ci-info: | Device |   Up  |          Address           |      Mask     | Scope  |     Hw-Address    |
[   19.743566] cloud-init[937]: ci-info: +--------+-------+----------------------------+---------------+--------+-------------------+
[   19.746707] cloud-init[937]: ci-info: | enp0s3 |  True |         10.0.2.15          | 255.255.255.0 | global | 02:3b:7b:b7:3b:2d |
[   19.750050] cloud-init[937]: ci-info: | enp0s3 |  True | fe80::3b:7bff:feb7:3b2d/64 |       .       |  link  | 02:3b:7b:b7:3b:2d |
[   19.753114] cloud-init[937]: ci-info: | enp0s8 | False |             .              |       .       |   .    | 08:00:27:c4:d2:9e |
[   19.756161] cloud-init[937]: ci-info: |   lo   |  True |         127.0.0.1          |   255.0.0.0   |  host  |         .         |
[   19.759312] cloud-init[937]: ci-info: |   lo   |  True |          ::1/128           |       .       |  host  |         .         |
[   19.762457] cloud-init[937]: ci-info: +--------+-------+----------------------------+---------------+--------+-------------------+
[   19.765461] cloud-init[937]: ci-info: ++++++++++++++++++++++++++++Route IPv4 info+++++++++++++++++++++++++++++
[   19.768792] cloud-init[937]: ci-info: +-------+-------------+----------+-----------------+-----------+-------+
[   19.771317] cloud-init[937]: ci-info: | Route | Destination | Gateway  |     Genmask     | Interface | Flags |
[   19.773864] cloud-init[937]: ci-info: +-------+-------------+----------+-----------------+-----------+-------+
[   19.776396] cloud-init[937]: ci-info: |   0   |   0.0.0.0   | 10.0.2.2 |     0.0.0.0     |   enp0s3  |   UG  |
[   19.778962] cloud-init[937]: ci-info: |   1   |   10.0.2.0  | 0.0.0.0  |  255.255.255.0  |   enp0s3  |   U   |
[   19.781812] cloud-init[937]: ci-info: |   2   |   10.0.2.2  | 0.0.0.0  | 255.255.255.255 |   enp0s3  |   UH  |
[   19.784411] cloud-init[937]: ci-info: +-------+-------------+----------+-----------------+-----------+-------+
[   19.787149] cloud-init[937]: ci-info: +++++++++++++++++++Route IPv6 info+++++++++++++++++++
[   19.789581] cloud-init[937]: ci-info: +-------+-------------+---------+-----------+-------+
[   19.791673] cloud-init[937]: ci-info: | Route | Destination | Gateway | Interface | Flags |
[   19.794154] cloud-init[937]: ci-info: +-------+-------------+---------+-----------+-------+
[   19.798239] cloud-init[937]: ci-info: |   1   |  fe80::/64  |    ::   |   enp0s3  |   U   |
[   19.802379] cloud-init[937]: ci-info: |   3   |    local    |    ::   |   enp0s3  |   U   |
[   19.806386] cloud-init[937]: ci-info: |   4   |   ff00::/8  |    ::   |   enp0s3  |   U   |
[   19.810515] cloud-init[937]: ci-info: +-------+-------------+---------+-----------+-------+
[   20.580769] cloud-init[937]: Generating public/private rsa key pair.
[   20.584436] cloud-init[937]: Your identification has been saved in /etc/ssh/ssh_host_rsa_key.
[   20.588783] cloud-init[937]: Your public key has been saved in /etc/ssh/ssh_host_rsa_key.pub.
[   20.592959] cloud-init[937]: The key fingerprint is:
[   20.596573] cloud-init[937]: SHA256:jXUKDw0BIE6HoqE3I1ASNKtZA0KvPkpfTwHkrGwa2jE root@ubuntu-bionic
[   20.600946] cloud-init[937]: The key's randomart image is:
[   20.604385] cloud-init[937]: +---[RSA 2048]----+
[   20.607678] cloud-init[937]: |B*+.oo..o.       |
[   20.610919] cloud-init[937]: |===o+    o       |
[   20.614185] cloud-init[937]: |+++. +  o o .    |
[   20.617630] cloud-init[937]: |=o*.. .  B o     |
[   20.620936] cloud-init[937]: |o=E*   .S +      |[[0;32m  OK  [0m] Started Initial cloud-init job (metadata service crawler).
[[0;32m  OK  [0m] Reached target System Initialization.
[[0;32m  OK  [0m] Started Daily Cleanup of Temporary Directories.
[[0;32m  OK  [0m] Started Ubuntu Advantage Timer for running repeated jobs.
[[0;32m  OK  [0m] Started Daily apt download activities.
[[0;32m  OK  [0m] Listening on ACPID Listen Socket.
[[0;32m  OK  [0m] Listening on cloud-init hotplug hook socket.
[[0;32m  OK  [0m] Listening on UUID daemon activation socket.
         Starting Socket activation for snappy daemon.
[[0;32m  OK  [0m] Listening on Open-iSCSI iscsid Socket.
[[0;32m  OK  [0m] Started Discard unused blocks once a week.
[[0;32m  OK  [0m] Started Message of the Day.
[[0;32m  OK  [0m] Started Daily apt upgrade and clean activities.
[[0;32m  OK  [0m] Reached target Timers.
[[0;32m  OK  [0m] Started ACPI Events Check.
[[0;32m  OK  [0m] Listening on D-Bus System Message Bus Socket.
         Starting LXD - unix socket.
[[0;32m  OK  [0m] Reached target Paths.
[[0;32m  OK  [0m] Reached target Cloud-config availability.
[[0;32m  OK  [0m] Reached target Network is Online.
         Starting Availability of block devices...
[[0;32m  OK  [0m] Reached target Remote File Systems (Pre).
[[0;32m  OK  [0m] Reached target Remote File Systems.
[[0;32m  OK  [0m] Listening on Socket activation for snappy daemon.
[[0;32m  OK  [0m] Listening on LXD - unix socket.
[[0;32m  OK  [0m] Started Availability of block devices.
[[0;32m  OK  [0m] Reached target Sockets.
[[0;32m  OK  [0m] Reached target Basic System.
         Starting LXD - container startup/shutdown...
[[0;32m  OK  [0m] Started irqbalance daemon.
         Starting System Logging Service...
[[0;32m  OK  [0m] Reached target Login Prompts (Pre).
         Starting Dispatcher daemon for systemd-networkd...
         Starting Accounts Service...
[[0;32m  OK  [0m] Started D-Bus System Message Bus.

[   20.670631] cloud-init[937]: |o.+o    .        |
[   20.673165] cloud-init[937]: |.=.  . .         |
[   20.675497] cloud-init[937]: |o o . o          |
[   20.678414] cloud-init[937]: |.  .   .         |
[   20.679943] cloud-init[937]: +----[SHA256]-----+
[   20.681726] cloud-init[937]: Generating public/private dsa key pair.
[   20.687822] cloud-init[937]: Your identification has been saved in /etc/ssh/ssh_host_dsa_key.
[   20.691721] cloud-init[937]: Your public key has been saved in /etc/ssh/ssh_host_dsa_key.pub.
[   20.694935] cloud-init[937]: The key fingerprint is:
[   20.697235] cloud-init[937]: SHA256:7FKYAV4jUMNMpV8VOC32mwii0Zs/cyVQolEWbCXfRtQ root@ubuntu-bionic
[   20.699910] cloud-init[937]: The key's randomart image is:
[   20.701762] cloud-init[937]: +---[DSA 1024]----+
[   20.703556] cloud-init[937]: |  .**+Oo.+=o     |
[   20.705336] cloud-init[937]: |   .+B++*+. E    |
[   20.707002] cloud-init[937]: |   .o+.+o+o      |
[   20.708639] cloud-init[937]: |  . +.o* ..      |
[   20.712475] cloud-init[937]: |   o ++oS. o     |
[   20.714399] cloud-init[937]: |  . o  oo +      |
[   20.715980] cloud-init[937]: |     .. .o       |
[   20.718514] cloud-init[937]: |      +..        |
[   20.720838] cloud-init[937]: |       +         |
[   20.722525] cloud-init[937]: +----[SHA256]-----+
[   20.725079] cloud-init[937]: Generating public/private ecdsa key pair.
[   20.727863] cloud-init[937]: Your identification has been saved in /etc/ssh/ssh_host_ecdsa_key.
[   20.731470] cloud-init[937]: Your public key has been saved in /etc/ssh/ssh_host_ecdsa_key.pub.
[   20.734536] cloud-init[937]: The key fingerprint is:
[   20.736257] cloud-init[937]: SHA256:isWQ9icljvF/BO/3txVgHu/P2rauOT5OFBXWt6x+mlU root@ubuntu-bionic
[   20.739577] cloud-init[937]: The key's randomart image is:
[   20.741564] cloud-init[937]: +---[ECDSA 256]---+
[   20.743334] cloud-init[937]: |               +o|
[   20.745834] cloud-init[937]: |     .        o o|
[   20.747368] cloud-init[937]: |    = . o    =. o|
[   20.749498] cloud-init[937]: |   . O o o  o =o |
[   20.751068] cloud-init[937]: |    . B S o  o.oE|
[   20.753568] cloud-init[937]: |     o = o  ... o|
[   20.756423] cloud-init[937]: |    . . . o o. o.|
[   20.758272] cloud-init[937]: |         . ..=++=|
[   20.760596] cloud-init[937]: |            oBXB*|
[   20.762973] cloud-init[937]: +----[SHA256]-----+
[   20.764652] cloud-init[937]: Generating public/private ed25519 key pair.
[   20.766697] cloud-init[937]: Your identification has been saved in /etc/ssh/ssh_host_ed25519_key.
[   20.769146] cloud-init[937]: Your public key has been saved in /etc/ssh/ssh_host_ed25519_key.pub.
[   20.771610] cloud-init[937]: The key fingerprint is:
[   20.773451] cloud-init[937]: SHA256:vs4WupHg/lgcJ+b60+bd/0+IkPcjsgV6HAunLjGCGqA root@ubuntu-bionic
[   20.776121] cloud-init[937]: The key's randomart image is:
[   20.778098] cloud-init[937]: +--[ED25519 256]--+
[   20.780294] cloud-init[937]: |                 |
[   20.782153] cloud-init[937]: |                 |
[   20.784666] cloud-init[937]: |                 |
[   20.788524] cloud-init[937]: |.          .     |
         Starting Login Service...
[[0;32m  OK  [0m] Started FUSE filesystem for LXC.
[   20.797922] cloud-init[937]: |o  .. + S * .    |
[   20.803008] cloud-init[937]: |E ...=o*.* * o . |
[   20.804481] cloud-init[937]: | o  ..*=+.= + + .|
[   20.806216] cloud-init[937]: |.  . +++++ = . o |
[   20.808000] cloud-init[937]: |    +o+O* o ....+|
[   20.813438] cloud-init[937]: +----[SHA256]-----+
[[0;32m  OK  [0m] Started Regular background program processing daemon.
         Starting Virtualbox guest utils...
         Starting LSB: automatic crash report generation...
         Starting LSB: Record successful boot for GRUB...
         Starting Permit User Sessions...
         Starting Snap Daemon...
[[0;32m  OK  [0m] Started Deferred execution scheduler.
         Starting Pollinate to seed the pseudo random number generator...
[[0;32m  OK  [0m] Started System Logging Service.
[[0;32m  OK  [0m] Started LXD - container startup/shutdown.
[[0;32m  OK  [0m] Started Permit User Sessions.
[[0;32m  OK  [0m] Started Login Service.
         Starting Authorization Manager...
[[0;32m  OK  [0m] Started Unattended Upgrades Shutdown.
         Starting Terminate Plymouth Boot Screen...
         Starting Hold until boot process finishes up...
[[0;32m  OK  [0m] Started Hold until boot process finishes up.
[[0;32m  OK  [0m] Started LSB: automatic crash report generation.
[[0;32m  OK  [0m] Started Terminate Plymouth Boot Screen.
[[0;32m  OK  [0m] Started Serial Getty on ttyS0.
         Starting Set console scheme...
[[0;32m  OK  [0m] Started LSB: Record successful boot for GRUB.
[[0;32m  OK  [0m] Started Set console scheme.
[[0;32m  OK  [0m] Created slice system-getty.slice.
[[0;32m  OK  [0m] Started Getty on tty1.
[[0;32m  OK  [0m] Reached target Login Prompts.
[[0;32m  OK  [0m] Started Authorization Manager.
[[0;32m  OK  [0m] Started Accounts Service.
[[0;32m  OK  [0m] Started Virtualbox guest utils.
[[0;32m  OK  [0m] Started Dispatcher daemon for systemd-networkd.
[[0;32m  OK  [0m] Started Snap Daemon.
         Starting Wait until snapd is fully seeded...
         Starting Time & Date Service...
[[0;32m  OK  [0m] Started Time & Date Service.
[[0;32m  OK  [0m] Started Wait until snapd is fully seeded.
         Starting Apply the settings specified in cloud-config...
[[0;32m  OK  [0m] Started Pollinate to seed the pseudo random number generator.
         Starting OpenBSD Secure Shell server...
[[0;32m  OK  [0m] Started OpenBSD Secure Shell server.
[   23.993852] cloud-init[1396]: Cloud-init v. 23.1.2-0ubuntu0~18.04.1 running 'modules:config' at Thu, 24 Aug 2023 14:02:12 +0000. Up 23.47 seconds.
[[0;32m  OK  [0m] Started Apply the settings specified in cloud-config.
[[0;32m  OK  [0m] Reached target Multi-User System.
[[0;32m  OK  [0m] Reached target Graphical Interface.
         Starting Update UTMP about System Runlevel Changes...
         Starting Execute cloud user/final scripts...
[[0;32m  OK  [0m] Started Update UTMP about System Runlevel Changes.
ci-info: no authorized SSH keys fingerprints found for user ubuntu.
<14>Aug 24 14:02:13 cloud-init: #############################################################
<14>Aug 24 14:02:13 cloud-init: -----BEGIN SSH HOST KEY FINGERPRINTS-----
<14>Aug 24 14:02:13 cloud-init: 1024 SHA256:7FKYAV4jUMNMpV8VOC32mwii0Zs/cyVQolEWbCXfRtQ root@ubuntu-bionic (DSA)
<14>Aug 24 14:02:13 cloud-init: 256 SHA256:isWQ9icljvF/BO/3txVgHu/P2rauOT5OFBXWt6x+mlU root@ubuntu-bionic (ECDSA)
<14>Aug 24 14:02:13 cloud-init: 256 SHA256:vs4WupHg/lgcJ+b60+bd/0+IkPcjsgV6HAunLjGCGqA root@ubuntu-bionic (ED25519)
<14>Aug 24 14:02:13 cloud-init: 2048 SHA256:jXUKDw0BIE6HoqE3I1ASNKtZA0KvPkpfTwHkrGwa2jE root@ubuntu-bionic (RSA)
<14>Aug 24 14:02:13 cloud-init: -----END SSH HOST KEY FINGERPRINTS-----
<14>Aug 24 14:02:13 cloud-init: #############################################################
-----BEGIN SSH HOST KEY KEYS-----
ecdsa-sha2-nistp256 AAAAE2VjZHNhLXNoYTItbmlzdHAyNTYAAAAIbmlzdHAyNTYAAABBBOw+Vmj8tETbRzCkYeZgj5Oox8tn0B4ny7MD/L7Q5eSKtfLqjzDADAM9g7nkxCnpVvmyLmkU7Q7O+U5o7pkTJJs= root@ubuntu-bionic
ssh-ed25519 AAAAC3NzaC1lZDI1NTE5AAAAIKMlZ+buLAsEkZrPegJ15IIp6b255svEN1OzpXF/7L1A root@ubuntu-bionic
ssh-rsa AAAAB3NzaC1yc2EAAAADAQABAAABAQDDgZ37TBJhbrz67CdRORgw9lQwnwgkOBRDVx0ouICEGKj0oP5/fj5im0mKZVs0v7s30uYshoccw198rKyeZ3Dq8H5Ize622+KFVwKlLdrMd4/upVfqmMtVtJdAj0d2W2UT4ULgU1JA4gBt3obU/GenH1lesBambtXVITsluIFw1lKiA6wLa4khsv9DzLhE4xInuBwTZjE/jiytu9itQkqdu+vbQhkvRtU8oe6n9QuHeP1tpUBpTutAQ85X98RNJOwPhQBNJ4RffWmqN3lg3MzW0eTC30rbuzDQqBFqSc/+svKcQHO/UghCX8ypaf5tvE/VjZra7lgclSMFUQ/C2Uwp root@ubuntu-bionic
-----END SSH HOST KEY KEYS-----
[   24.610744] cloud-init[1472]: Cloud-init v. 23.1.2-0ubuntu0~18.04.1 running 'modules:final' at Thu, 24 Aug 2023 14:02:13 +0000. Up 24.39 seconds.
[   24.614930] cloud-init[1472]: Cloud-init v. 23.1.2-0ubuntu0~18.04.1 finished at Thu, 24 Aug 2023 14:02:13 +0000. Datasource DataSourceNoCloud [seed=/dev/sdb][dsmode=net].  Up 24.60 seconds
[[0;32m  OK  [0m] Started Execute cloud user/final scripts.
[[0;32m  OK  [0m] Reached target Cloud-init target.

Ubuntu 18.04.6 LTS ubuntu-bionic ttyS0

ubuntu-bionic login: 